// Jest Snapshot v1, https://goo.gl/fbAQLP

exports[`Storyshots Common|Container default 1`] = `
<div
  className=""
>
  Content
</div>
`;

exports[`Storyshots Common|Header default 1`] = `
<header
  className=""
>
  <div
    className=""
  >
    <h1>
      <a
        className=""
        href="/"
      >
        Title
      </a>
    </h1>
  </div>
</header>
`;

exports[`Storyshots Gatsby|Image fixed 1`] = `
<span
  className=" gatsby-image-wrapper"
  style={
    Object {
      "display": "inline-block",
      "height": 400,
      "overflow": "hidden",
      "position": "relative",
      "width": 400,
    }
  }
>
  <noscript
    dangerouslySetInnerHTML={
      Object {
        "__html": "<picture><source srcset=\\"src/assets/images/gatsby-astronaut.png 400w\\" /><img loading=\\"lazy\\" width=\\"400\\" height=\\"400\\" srcset=\\"src/assets/images/gatsby-astronaut.png 400w\\" src=\\"src/assets/images/gatsby-astronaut.png\\" alt=\\"\\" style=\\"position:absolute;top:0;left:0;opacity:1;width:100%;height:100%;object-fit:cover;object-position:center\\"/></picture>",
      }
    }
  />
</span>
`;

exports[`Storyshots Gatsby|Image fluid 1`] = `
<div
  className="gatsby-image-wrapper"
  style={
    Object {
      "maxHeight": null,
      "maxWidth": null,
      "overflow": "hidden",
      "position": "relative",
    }
  }
>
  <div
    aria-hidden={true}
    style={
      Object {
        "paddingBottom": "100%",
        "width": "100%",
      }
    }
  />
  <noscript
    dangerouslySetInnerHTML={
      Object {
        "__html": "<picture><source srcset=\\"src/assets/images/gatsby-astronaut.png 400w\\" sizes=\\"400\\" /><img loading=\\"lazy\\" sizes=\\"400\\" srcset=\\"src/assets/images/gatsby-astronaut.png 400w\\" src=\\"src/assets/images/gatsby-astronaut.png\\" alt=\\"\\" style=\\"position:absolute;top:0;left:0;opacity:1;width:100%;height:100%;object-fit:cover;object-position:center\\"/></picture>",
      }
    }
  />
</div>
`;

exports[`Storyshots Gatsby|Image plain 1`] = `
<img
  alt=""
  className=""
  src="src/assets/images/gatsby-astronaut.png"
/>
`;
