// Jest Snapshot v1, https://goo.gl/fbAQLP

exports[`render with fixed Sharp image 1`] = `
<span
  className=" gatsby-image-wrapper"
  style={
    Object {
      "display": "inline-block",
      "height": 100,
      "overflow": "hidden",
      "position": "relative",
      "width": 100,
    }
  }
>
  <noscript
    dangerouslySetInnerHTML={
      Object {
        "__html": "<picture><source srcset=\\"/some/url 100w, /another/url 200w\\" /><img loading=\\"lazy\\" width=\\"100\\" height=\\"100\\" srcset=\\"/some/url 100w, /another/url 200w\\" src=\\"/some/url\\" alt=\\"\\" style=\\"position:absolute;top:0;left:0;opacity:1;width:100%;height:100%;object-fit:cover;object-position:center\\"/></picture>",
      }
    }
  />
</span>
`;

exports[`render with fluid Sharp image 1`] = `
<div
  className="gatsby-image-wrapper"
  style={
    Object {
      "maxHeight": null,
      "maxWidth": null,
      "overflow": "hidden",
      "position": "relative",
    }
  }
>
  <div
    aria-hidden={true}
    style={
      Object {
        "paddingBottom": "100%",
        "width": "100%",
      }
    }
  />
  <noscript
    dangerouslySetInnerHTML={
      Object {
        "__html": "<picture><source srcset=\\"/some/url 100w, /another/url 200w\\" sizes=\\"(max-width: 50px) 50vw, 100px\\" /><img loading=\\"lazy\\" sizes=\\"(max-width: 50px) 50vw, 100px\\" srcset=\\"/some/url 100w, /another/url 200w\\" src=\\"/some/url\\" alt=\\"\\" style=\\"position:absolute;top:0;left:0;opacity:1;width:100%;height:100%;object-fit:cover;object-position:center\\"/></picture>",
      }
    }
  />
</div>
`;

exports[`render with no Sharp image 1`] = `
<img
  className=""
  src="/some/url"
/>
`;
